Copyright 1986-2018 Xilinx, Inc. All Rights Reserved.
--------------------------------------------------------------------------------------
| Tool Version : Vivado v.2018.2 (win64) Build 2258646 Thu Jun 14 20:03:12 MDT 2018
| Date         : Fri Mar 31 19:04:41 2023
| Host         : LAPTOP-ACP1FU8D running 64-bit major release  (build 9200)
| Command      : report_control_sets -verbose -file Main_menu_control_sets_placed.rpt
| Design       : Main_menu
| Device       : xc7a35t
--------------------------------------------------------------------------------------

Control Set Information

Table of Contents
-----------------
1. Summary
2. Histogram
3. Flip-Flop Distribution
4. Detailed Control Set Information

1. Summary
----------

+----------------------------------------------------------+-------+
|                          Status                          | Count |
+----------------------------------------------------------+-------+
| Number of unique control sets                            |   281 |
| Unused register locations in slices containing registers |   646 |
+----------------------------------------------------------+-------+


2. Histogram
------------

+--------+--------------+
| Fanout | Control Sets |
+--------+--------------+
|      2 |           11 |
|      4 |            4 |
|      6 |            5 |
|      8 |           13 |
|     10 |           42 |
|     14 |            7 |
|    16+ |          199 |
+--------+--------------+


3. Flip-Flop Distribution
-------------------------

+--------------+-----------------------+------------------------+-----------------+--------------+
| Clock Enable | Synchronous Set/Reset | Asynchronous Set/Reset | Total Registers | Total Slices |
+--------------+-----------------------+------------------------+-----------------+--------------+
| No           | No                    | No                     |            1172 |          308 |
| No           | No                    | Yes                    |               0 |            0 |
| No           | Yes                   | No                     |            3622 |          525 |
| Yes          | No                    | No                     |            1912 |          376 |
| Yes          | No                    | Yes                    |               0 |            0 |
| Yes          | Yes                   | No                     |            1104 |          196 |
+--------------+-----------------------+------------------------+-----------------+--------------+


4. Detailed Control Set Information
-----------------------------------

+--------------------------------------------------------------+--------------------------------------------------------------------+------------------------------------------------------------------+------------------+----------------+
|                         Clock Signal                         |                            Enable Signal                           |                         Set/Reset Signal                         | Slice Load Count | Bel Load Count |
+--------------------------------------------------------------+--------------------------------------------------------------------+------------------------------------------------------------------+------------------+----------------+
|  impr_b/logic/tone/clock_50M/clock_out                       |                                                                    |                                                                  |                1 |              2 |
|  clock_IBUF_BUFG                                             |                                                                    | task_group/unit_my_OLED/oled_data_reg[10]_4                      |                1 |              2 |
| ~clock_LED_0                                                 |                                                                    |                                                                  |                1 |              2 |
| ~clock_LED_1                                                 |                                                                    |                                                                  |                1 |              2 |
|  task_b/individual_task/clock_50M/clock_out                  |                                                                    |                                                                  |                1 |              2 |
|  clock_50Hz                                                  |                                                                    |                                                                  |                1 |              2 |
|  task_group/group_task/clock_50M/clock_out                   |                                                                    |                                                                  |                1 |              2 |
| ~clock_LED                                                   |                                                                    |                                                                  |                1 |              2 |
|  clock_IBUF_BUFG                                             | menu_UI/dp_reg                                                     |                                                                  |                1 |              2 |
| ~paintStart/clock_LED                                        |                                                                    |                                                                  |                1 |              2 |
| ~morse_oled/clock_LED                                        |                                                                    |                                                                  |                1 |              2 |
|  impr_b/clk_20kHz/CLK                                        |                                                                    |                                                                  |                2 |              4 |
| ~clock_LED_2                                                 |                                                                    |                                                                  |                2 |              4 |
|  task_group/nolabel_line127/clk_80kHz/CLK                    |                                                                    | task_group/makenum/FSM_sequential_an_reg[0]                      |                1 |              4 |
| ~clock_LED_3                                                 |                                                                    |                                                                  |                2 |              4 |
|  clock_IBUF_BUFG                                             | menu_UI/JXADC_reg[3][0]                                            |                                                                  |                2 |              6 |
|  impr_b/clk_0p4s/clock_out                                   |                                                                    |                                                                  |                1 |              6 |
|  impr_b/logic/tone/DAC2/JXADC_state[7][2]                    | impr_b/logic/tone/DAC2/FSM_onehot_current_state[3]_i_1__0_n_0      |                                                                  |                1 |              6 |
|  task_b/individual_task/DAC2/JXADC_state[2][2]               | task_b/individual_task/DAC2/FSM_onehot_current_state[3]_i_1__1_n_0 |                                                                  |                1 |              6 |
|  task_group/group_task/DAC2/temp1_reg[12]_0                  | task_group/group_task/DAC2/FSM_onehot_current_state[3]_i_1_n_0     |                                                                  |                1 |              6 |
|  clock_IBUF_BUFG                                             |                                                                    | mouse/xpos_adjusted_reg[4]                                       |                2 |              8 |
|  impr_d/v4/slow/SLOW_CLOCK                                   |                                                                    | impr_d/v4/p_2_out_carry__3_n_2                                   |                1 |              8 |
|  clock_IBUF_BUFG                                             |                                                                    | task_d/switch/seg[6]_i_1__4_n_0                                  |                2 |              8 |
|  J_MIC_PIN1_state_1_BUFG                                     | task_a/unit_2/volume_level0                                        | task_a/unit_2/volume_level[3]_i_1__0_n_0                         |                2 |              8 |
|  clock_IBUF_BUFG                                             |                                                                    | task_group/switch/seg[6]_i_1__3_n_0                              |                2 |              8 |
|  clock_IBUF_BUFG                                             |                                                                    | mouse/Inst_Ps2Interface/clk_inter0                               |                1 |              8 |
|  clock_IBUF_BUFG                                             |                                                                    | mouse/Inst_Ps2Interface/data_inter0                              |                1 |              8 |
|  task_group/clk_20khz/volume_level_reg[3]                    | task_group/vol/volume_level0                                       | task_group/vol/volume_level[3]_i_1_n_0                           |                2 |              8 |
|  J_MIC_PIN1_state_10_BUFG                                    | impr_group/logic/sample_index[3]_i_2_n_0                           | impr_group/logic/sample_index[3]_i_1_n_0                         |                2 |              8 |
|  task_group/clk_20khz/volume_level_reg[3]                    | task_group/volume                                                  |                                                                  |                1 |              8 |
|  clock_IBUF_BUFG                                             | task_group/makenum/number[3]_i_1_n_0                               |                                                                  |                3 |              8 |
|  clock_IBUF_BUFG                                             | mouse/Inst_Ps2Interface/shift_frame                                | mouse/Inst_Ps2Interface/reset_bit_count                          |                2 |              8 |
|  impr_c/unit_3/CLK                                           | impr_c/unit_5/p_1_in[5]                                            | impr_c/unit_5/seg[5]_i_1_n_0                                     |                2 |              8 |
|  J_MIC_PIN1_state_10_BUFG                                    | impr_group/morse_oled/box_letter[38][4]_i_1_n_0                    |                                                                  |                3 |             10 |
|  J_MIC_PIN1_state_10_BUFG                                    | impr_group/morse_oled/box_letter[30][4]_i_1_n_0                    |                                                                  |                4 |             10 |
|  J_MIC_PIN1_state_10_BUFG                                    | impr_group/morse_oled/box_letter[31][4]_i_1_n_0                    |                                                                  |                3 |             10 |
|  J_MIC_PIN1_state_10_BUFG                                    | impr_group/morse_oled/box_letter[33][4]_i_1_n_0                    |                                                                  |                2 |             10 |
|  J_MIC_PIN1_state_10_BUFG                                    | impr_group/morse_oled/box_letter[32][4]_i_1_n_0                    |                                                                  |                3 |             10 |
|  J_MIC_PIN1_state_10_BUFG                                    | impr_group/morse_oled/box_letter[34][4]_i_1_n_0                    |                                                                  |                4 |             10 |
|  J_MIC_PIN1_state_10_BUFG                                    | impr_group/morse_oled/box_letter[35][4]_i_1_n_0                    |                                                                  |                4 |             10 |
|  J_MIC_PIN1_state_10_BUFG                                    | impr_group/morse_oled/box_letter[3][4]_i_1_n_0                     |                                                                  |                4 |             10 |
|  J_MIC_PIN1_state_10_BUFG                                    | impr_group/morse_oled/box_letter[7][4]_i_1_n_0                     |                                                                  |                2 |             10 |
|  J_MIC_PIN1_state_10_BUFG                                    | impr_group/morse_oled/box_letter[6][4]_i_1_n_0                     |                                                                  |                2 |             10 |
|  J_MIC_PIN1_state_10_BUFG                                    | impr_group/morse_oled/box_letter[39][4]_i_1_n_0                    |                                                                  |                4 |             10 |
|  J_MIC_PIN1_state_10_BUFG                                    | impr_group/morse_oled/box_letter[8][4]_i_1_n_0                     |                                                                  |                3 |             10 |
|  J_MIC_PIN1_state_10_BUFG                                    | impr_group/morse_oled/box_letter[9][4]_i_1_n_0                     |                                                                  |                2 |             10 |
|  J_MIC_PIN1_state_10_BUFG                                    | impr_group/morse_oled/box_letter[25][4]_i_1_n_0                    |                                                                  |                2 |             10 |
|  clock_IBUF_BUFG                                             |                                                                    | sw_state_reg_n_0_[3][0]                                          |                2 |             10 |
|  clk25MHz                                                    | impr_b/logic/playing_curr_reg[0]                                   | impr_b/playing_curr[4]_i_1_n_0                                   |                3 |             10 |
|  J_MIC_PIN1_state_10_BUFG                                    | impr_group/morse_oled/box_letter[29][4]_i_1_n_0                    |                                                                  |                3 |             10 |
|  paintStart/clock_LED                                        | impr_a/paintStart/unit_my_OLED/oled_data_reg[1]_0                  | impr_a/paintStart/unit_my_OLED/oled_data_reg[10]                 |                3 |             10 |
|  J_MIC_PIN1_state_10_BUFG                                    |                                                                    | sw_state_reg_n_0_[10][0]                                         |                4 |             10 |
|  task_group/nolabel_line127/clk_80kHz/CLK                    |                                                                    |                                                                  |                3 |             10 |
|  J_MIC_PIN1_state_10_BUFG                                    | impr_group/logic/E[0]                                              |                                                                  |                4 |             10 |
|  J_MIC_PIN1_state_10_BUFG                                    | impr_group/morse_oled/box_letter[14][4]_i_1_n_0                    |                                                                  |                2 |             10 |
|  J_MIC_PIN1_state_10_BUFG                                    | impr_group/morse_oled/box_letter[13][4]_i_1_n_0                    |                                                                  |                2 |             10 |
|  J_MIC_PIN1_state_10_BUFG                                    | impr_group/morse_oled/box_letter[11][4]_i_1_n_0                    |                                                                  |                4 |             10 |
|  J_MIC_PIN1_state_10_BUFG                                    | impr_group/morse_oled/box_letter[10][4]_i_1_n_0                    |                                                                  |                3 |             10 |
|  J_MIC_PIN1_state_10_BUFG                                    | impr_group/morse_oled/box_letter[12][4]_i_1_n_0                    |                                                                  |                2 |             10 |
|  J_MIC_PIN1_state_10_BUFG                                    | impr_group/morse_oled/box_letter[16][4]_i_1_n_0                    |                                                                  |                1 |             10 |
|  J_MIC_PIN1_state_10_BUFG                                    | impr_group/morse_oled/box_letter[15][4]_i_1_n_0                    |                                                                  |                2 |             10 |
|  J_MIC_PIN1_state_10_BUFG                                    | impr_group/morse_oled/box_letter[19][4]_i_1_n_0                    |                                                                  |                2 |             10 |
|  J_MIC_PIN1_state_10_BUFG                                    | impr_group/morse_oled/box_letter[18][4]_i_1_n_0                    |                                                                  |                3 |             10 |
|  J_MIC_PIN1_state_10_BUFG                                    | impr_group/morse_oled/box_letter[20][4]_i_1_n_0                    |                                                                  |                3 |             10 |
|  J_MIC_PIN1_state_10_BUFG                                    | impr_group/morse_oled/box_letter[21][4]_i_1_n_0                    |                                                                  |                4 |             10 |
|  J_MIC_PIN1_state_10_BUFG                                    | impr_group/morse_oled/box_letter[17][4]_i_1_n_0                    |                                                                  |                2 |             10 |
|  J_MIC_PIN1_state_10_BUFG                                    | impr_group/morse_oled/box_letter[26][4]_i_1_n_0                    |                                                                  |                4 |             10 |
|  J_MIC_PIN1_state_10_BUFG                                    | impr_group/morse_oled/box_letter[28][4]_i_1_n_0                    |                                                                  |                4 |             10 |
|  J_MIC_PIN1_state_10_BUFG                                    | impr_group/morse_oled/box_letter[2][4]_i_1_n_0                     |                                                                  |                2 |             10 |
|  J_MIC_PIN1_state_10_BUFG                                    | impr_group/morse_oled/box_letter[23][4]_i_1_n_0                    |                                                                  |                2 |             10 |
|  J_MIC_PIN1_state_10_BUFG                                    | impr_group/morse_oled/box_letter[22][4]_i_1_n_0                    |                                                                  |                2 |             10 |
|  J_MIC_PIN1_state_10_BUFG                                    | impr_group/morse_oled/box_letter[24][4]_i_1_n_0                    |                                                                  |                2 |             10 |
|  J_MIC_PIN1_state_10_BUFG                                    | impr_group/morse_oled/box_letter[27][4]_i_1_n_0                    |                                                                  |                3 |             10 |
|  J_MIC_PIN1_state_10_BUFG                                    | impr_group/morse_oled/box_letter[36][4]_i_1_n_0                    |                                                                  |                3 |             10 |
|  J_MIC_PIN1_state_10_BUFG                                    | impr_group/morse_oled/box_letter[37][4]_i_1_n_0                    |                                                                  |                4 |             10 |
|  clock_IBUF_BUFG                                             | menu_UI/JC_reg[0]_0[0]                                             |                                                                  |                5 |             14 |
|  paintStart/clock_LED                                        | impr_a/paintStart/left_pen_colour[15]_i_2_n_0                      | impr_a/paintStart/left_colour_selected163_out                    |                5 |             14 |
|  impr_b/clk_20kHz/CLK                                        | impr_b/ts/FSM_sequential_an[2]_i_2_n_0                             | impr_b/ts/FSM_sequential_an[2]_i_1_n_0                           |                4 |             14 |
|  J_MIC_PIN1_state_10_BUFG                                    | impr_group/logic/current_sample[6]_i_1_n_0                         | sw_state_reg_n_0_[10][0]                                         |                4 |             14 |
|  paintStart/clock_LED                                        | impr_a/paintStart/right_pen_colour                                 | impr_a/paintStart/right_pen_colour[15]_i_1_n_0                   |                3 |             14 |
|  clock_IBUF_BUFG                                             | mouse/Inst_Ps2Interface/delay_63clk_count[6]_i_2_n_0               | mouse/Inst_Ps2Interface/delay_63clk_count[6]_i_1_n_0             |                2 |             14 |
|  clock_IBUF_BUFG                                             | mouse/Inst_Ps2Interface/right_down_reg                             |                                                                  |                2 |             14 |
| ~clock_LED                                                   | impr_d/unit_my_OLED/contrastgreen                                  |                                                                  |                1 |             16 |
| ~clock_LED                                                   | impr_d/unit_my_OLED/contrastred                                    |                                                                  |                2 |             16 |
|  clock_IBUF_BUFG                                             | impr_d/brightness[7]_i_2_n_0                                       | menu_UI/SS[0]                                                    |                2 |             16 |
|  task_b/individual_task/DAC2/JXADC_state[2][2]               | task_b/individual_task/DAC2/FSM_onehot_current_state_reg_n_0_[1]   | task_b/individual_task/DAC2/FSM_onehot_current_state_reg_n_0_[0] |                2 |             16 |
|  clock_IBUF_BUFG                                             | mouse/Inst_Ps2Interface/load_rx_data                               |                                                                  |                3 |             16 |
|  clock_IBUF_BUFG                                             | mouse/write_data                                                   |                                                                  |                3 |             16 |
|  clock_IBUF_BUFG                                             | mouse/Inst_Ps2Interface/x_inc_reg[0]                               |                                                                  |                1 |             16 |
|  impr_d/v4/slow/SLOW_CLOCK                                   | impr_d/v4/fasthzclock/E[0]                                         |                                                                  |                4 |             16 |
|  impr_d/v4/slow/SLOW_CLOCK                                   | impr_d/v4/fasthzclock/blue_reg[0][0]                               |                                                                  |                4 |             16 |
|  impr_d/v4/slow/SLOW_CLOCK                                   | impr_d/v4/fasthzclock/green_reg[0][0]                              |                                                                  |                4 |             16 |
|  clock_IBUF_BUFG                                             | mouse/Inst_Ps2Interface/y_inc_reg[0]                               |                                                                  |                3 |             16 |
|  task_group/group_task/DAC2/temp1_reg[12]_0                  | task_group/group_task/DAC2/FSM_onehot_current_state_reg_n_0_[1]    | task_group/group_task/DAC2/FSM_onehot_current_state_reg_n_0_[0]  |                2 |             16 |
|  impr_b/logic/tone/DAC2/JXADC_state[7][2]                    | impr_b/logic/tone/DAC2/FSM_onehot_current_state_reg_n_0_[1]        | impr_b/logic/tone/DAC2/FSM_onehot_current_state_reg_n_0_[0]      |                2 |             16 |
| ~clock_LED                                                   | impr_d/unit_my_OLED/contrastblue                                   |                                                                  |                2 |             16 |
|  impr_d/v4/slow/SLOW_CLOCK                                   |                                                                    | impr_d/v4/counter[8]_i_1_n_0                                     |                7 |             18 |
|  clock_50Hz                                                  | impr_c/led[1]_i_1_n_0                                              | sw_state_reg_n_0_[8][0]                                          |                4 |             18 |
| ~impr_group/morse_oled/unit_my_OLED/box_pixel_reg[8]_i_5_n_0 |                                                                    |                                                                  |                4 |             18 |
|  paintStart/clock_LED                                        | impr_a/paintStart/unit_my_OLED/oled_data_reg[13]_1                 | impr_a/paintStart/unit_my_OLED/oled_data_reg[0]                  |                6 |             18 |
|  J_MIC_PIN1_state_10_BUFG                                    | impr_group/morse_oled/curr_box                                     | impr_group/morse_oled/curr_box[5]_i_1_n_0                        |                5 |             18 |
|  J_MIC_PIN1_state_10_BUFG                                    | impr_group/logic/length_reg[4][0]                                  | impr_group/logic/SR[0]                                           |                4 |             18 |
|  clock_50Hz                                                  | impr_c/compare_index_amp_in                                        | sw_state_reg_n_0_[8][0]                                          |                4 |             20 |
|  clock_50Hz                                                  | impr_c/compare_index_amp_db                                        | sw_state_reg_n_0_[8][0]                                          |                3 |             20 |
|  clock_IBUF_BUFG                                             | impr_d/onehz/E[0]                                                  |                                                                  |                4 |             20 |
|  clock_IBUF_BUFG                                             | mouse/Inst_Ps2Interface/frame[9]_i_1_n_0                           |                                                                  |                3 |             20 |
|  clock_IBUF_BUFG                                             | mouse/Inst_Ps2Interface/delay_20us_count[10]_i_2_n_0               | mouse/Inst_Ps2Interface/delay_20us_count[10]_i_1_n_0             |                3 |             22 |
|  clock_IBUF_BUFG                                             | menu_UI/sw_state_reg[4][0][0]                                      |                                                                  |                4 |             22 |
|  clock_50Hz                                                  | impr_c/sel                                                         | sw_state_reg_n_0_[8][0]                                          |                4 |             22 |
|  menu_UI/twentyfive/SLOW_CLOCK                               |                                                                    |                                                                  |                8 |             22 |
|  impr_b/clk_20kHz/CLK                                        | impr_b/an[3]_i_1__0_n_0                                            |                                                                  |                7 |             22 |
|  task_b/individual_task/DAC2/JXADC_state[2][2]               | task_b/individual_task/DAC2/temp2                                  |                                                                  |                4 |             24 |
|  impr_d/v4/slow/SLOW_CLOCK                                   |                                                                    | impr_d/v4/oled_pixel[15]_i_1__10_n_0                             |                4 |             24 |
| ~task_group/unit_my_audio_input/temp_reg[11]_0               |                                                                    |                                                                  |                3 |             24 |
|  task_group/group_task/DAC2/temp1_reg[12]_0                  | task_group/group_task/DAC2/temp2                                   |                                                                  |                4 |             24 |
|  impr_b/logic/tone/DAC2/JXADC_state[7][2]                    | impr_b/logic/tone/DAC2/temp2                                       |                                                                  |                4 |             24 |
|  clk25MHz                                                    | impr_b/ts/curr_value[11]_i_1_n_0                                   |                                                                  |                8 |             24 |
|  clock_IBUF_BUFG                                             |                                                                    | J_MIC_PIN1_state_10_BUFG                                         |                3 |             24 |
|  clk25MHz                                                    | impr_b/set_change[11]_i_2_n_0                                      | impr_b/set_change[11]_i_1_n_0                                    |                5 |             24 |
|  clock_IBUF_BUFG                                             |                                                                    | task_group/clk_20khz/volume_level_reg[3]                         |                3 |             24 |
|  J_MIC_PIN1_state_10_BUFG                                    | impr_group/logic/count                                             | impr_group/logic/count[0]_i_1__21_n_0                            |                3 |             24 |
|  clock_IBUF_BUFG                                             |                                                                    | J_MIC_PIN1_state_1_BUFG                                          |                3 |             24 |
|  clock_IBUF_BUFG                                             | mouse/x_new_reg_n_0                                                |                                                                  |                4 |             24 |
|  clock_IBUF_BUFG                                             | mouse/y_new_reg_n_0                                                |                                                                  |                4 |             24 |
|  impr_c/unit_2/count2_reg[11]                                |                                                                    |                                                                  |                5 |             24 |
| ~impr_group/logic/unit_my_audio_input/CLK                    |                                                                    |                                                                  |                7 |             24 |
|  task_group/clk_20khz/volume_level_reg[3]                    | task_group/peak_value_reg[11]_i_1_n_2                              | task_group/volume                                                |                4 |             24 |
|  clock_IBUF_BUFG                                             |                                                                    | impr_c/unit_2/count2_reg[11]                                     |                3 |             24 |
|  J_MIC_PIN1_state_1_BUFG                                     | task_a/peak_value0_carry__0_n_2                                    | task_a/led                                                       |                4 |             24 |
| ~task_a/unit_my_audio_input/temp_reg[11]_0                   |                                                                    |                                                                  |                6 |             24 |
| ~impr_c/unit_my_audio_input/temp_reg[11]_0                   |                                                                    |                                                                  |                3 |             24 |
|  clock_IBUF_BUFG                                             | menu_UI/J_MIC_Pin1_reg[0]                                          |                                                                  |                7 |             26 |
|  clock_IBUF_BUFG                                             | menu_UI/E[0]                                                       |                                                                  |                3 |             26 |
|  paintStart/clock_LED                                        |                                                                    |                                                                  |                8 |             26 |
|  clock_IBUF_BUFG                                             | impr_d/v4/E[0]                                                     |                                                                  |                2 |             26 |
|  clock_IBUF_BUFG                                             | menu_UI/xpos_state_reg[9][0][0]                                    |                                                                  |                5 |             26 |
|  clock_IBUF_BUFG                                             | impr_a/paintStart/xpos_adjusted[6]_i_1_n_0                         |                                                                  |                6 |             26 |
|  task_group/clk_20khz/volume_level_reg[3]                    |                                                                    |                                                                  |                5 |             26 |
|  clock_IBUF_BUFG                                             | mouse/Inst_Ps2Interface/delay_100us_count[0]_i_2_n_0               | mouse/Inst_Ps2Interface/clear                                    |                4 |             28 |
| ~clock_LED_2                                                 |                                                                    | task_d/unit_my_OLED/frame_counter[16]_i_1__2_n_0                 |                4 |             32 |
| ~clock_LED_3                                                 |                                                                    | task_c/unit_my_OLED/frame_counter[16]_i_1__4_n_0                 |                4 |             32 |
|  J_MIC_PIN1_state_1_BUFG                                     | task_a/led                                                         |                                                                  |               10 |             32 |
|  clock_50Hz                                                  | impr_c/correct_percentage1_i_1_n_0                                 | sw_state_reg_n_0_[8][0]                                          |                4 |             32 |
|  menu_UI/twentyfive/SLOW_CLOCK                               |                                                                    | menu_UI/pixel_XY/displaycounter_reg[0]_1                         |                4 |             32 |
|  menu_UI/twentyfive/SLOW_CLOCK                               |                                                                    | menu_UI/displaycounter[31]_i_1_n_0                               |                6 |             32 |
|  paintStart/clock_LED                                        | impr_a/paintStart/fillmode_pen[15]_i_1_n_0                         |                                                                  |               12 |             32 |
|  clock_IBUF_BUFG                                             | menu_UI/led_reg[0][0]                                              |                                                                  |               11 |             32 |
|  clock_IBUF_BUFG                                             | menu_UI/oled_data_reg[15]_9[0]                                     | impr_d/pixel_XY/SS[0]                                            |               11 |             32 |
|  clock_50Hz                                                  | impr_c/correct_percentage[15]_i_1_n_0                              | sw_state_reg_n_0_[8][0]                                          |               16 |             32 |
| ~clock_LED_1                                                 |                                                                    | menu_UI/unit_my_OLED/frame_counter[16]_i_1_n_0                   |                5 |             34 |
| ~clock_LED_0                                                 |                                                                    | task_group/unit_my_OLED/frame_counter[16]_i_1__0_n_0             |                5 |             34 |
| ~morse_oled/clock_LED                                        |                                                                    | sw_state_reg_n_0_[10][0]                                         |                5 |             34 |
| ~clock_LED                                                   |                                                                    | impr_d/unit_my_OLED/frame_counter[16]_i_1__3_n_0                 |                5 |             34 |
| ~paintStart/clock_LED                                        |                                                                    | impr_a/paintStart/unit_my_OLED/frame_counter[16]_i_1__5_n_0      |                5 |             34 |
|  clk25MHz                                                    | impr_b/ts/debounce_count                                           |                                                                  |                5 |             36 |
|  clk25MHz                                                    | impr_b/debounce_count[0]_i_1__2_n_0                                |                                                                  |                5 |             36 |
| ~clock_LED_3                                                 | task_c/unit_my_OLED/delay[0]_i_1__5_n_0                            |                                                                  |                5 |             40 |
| ~clock_LED_2                                                 | task_d/unit_my_OLED/delay[0]_i_1__2_n_0                            |                                                                  |                5 |             40 |
| ~paintStart/clock_LED                                        | impr_a/paintStart/unit_my_OLED/delay[0]_i_1__4_n_0                 |                                                                  |                5 |             40 |
| ~clock_LED_1                                                 | menu_UI/unit_my_OLED/delay[0]_i_1_n_0                              |                                                                  |                5 |             40 |
| ~clock_LED_0                                                 | task_group/unit_my_OLED/delay[0]_i_1__0_n_0                        |                                                                  |                5 |             40 |
| ~morse_oled/clock_LED                                        | impr_group/morse_oled/unit_my_OLED/delay[0]_i_1__1_n_0             | sw_state_reg_n_0_[10][0]                                         |                5 |             40 |
| ~clock_LED                                                   | impr_d/unit_my_OLED/delay[0]_i_1__3_n_0                            |                                                                  |                5 |             40 |
|  clock_IBUF_BUFG                                             | menu_UI/btnD_state                                                 |                                                                  |               12 |             40 |
|  clock_50Hz                                                  | impr_c/amplitude_to_compare_reg_0_63_0_2_i_1_n_0                   |                                                                  |                6 |             44 |
|  clock_50Hz                                                  | impr_c/amplitude_to_compare_reg_64_127_0_2_i_1_n_0                 |                                                                  |                6 |             44 |
|  clock_50Hz                                                  | impr_c/amplitude_database_reg_0_63_0_2_i_1_n_0                     |                                                                  |                6 |             44 |
|  clock_50Hz                                                  | impr_c/amplitude_database_reg_64_127_0_2_i_1_n_0                   |                                                                  |                6 |             44 |
|  impr_c/unit_3/CLK                                           |                                                                    |                                                                  |               11 |             46 |
|  clk25MHz                                                    | impr_b/p_0_in                                                      |                                                                  |                3 |             48 |
|  clock_IBUF_BUFG                                             |                                                                    | mouse/reset_timeout_cnt_reg_n_0                                  |                6 |             48 |
|  clock_IBUF_BUFG                                             | menu_UI/xpos_state_reg[6][0][0]                                    |                                                                  |                9 |             48 |
|  clk25MHz                                                    | impr_b/playing                                                     | impr_b/logic/SR[0]                                               |                7 |             48 |
|  clk25MHz                                                    | impr_b/set_mode[1]                                                 |                                                                  |                3 |             48 |
|  impr_b/p_0_out                                              |                                                                    |                                                                  |               12 |             52 |
|  clock_IBUF_BUFG                                             |                                                                    | mouse/reset_periodic_check_cnt__0                                |                7 |             52 |
|  clock_IBUF_BUFG                                             |                                                                    | task_b/individual_task/clock_20k/count[0]_i_1__29_n_0            |                7 |             54 |
|  clock_IBUF_BUFG                                             |                                                                    | impr_group/clk_20kHz/count[0]_i_1__20_n_0                        |                7 |             54 |
|  clock_IBUF_BUFG                                             |                                                                    | task_b/individual_task/clock_50M/count[0]_i_1__28_n_0            |                7 |             54 |
|  clock_IBUF_BUFG                                             |                                                                    | task_b/individual_task/clock_f/count[0]_i_1__30_n_0              |                7 |             54 |
|  clock_IBUF_BUFG                                             |                                                                    | task_b/individual_task/clock_tf/count[0]_i_1__31_n_0             |                7 |             54 |
|  clock_IBUF_BUFG                                             |                                                                    | task_group/group_task/clock_20k/count[0]_i_1__5_n_0              |                7 |             54 |
|  clock_IBUF_BUFG                                             |                                                                    | task_group/group_task/clock_50M/count[0]_i_1__4_n_0              |                7 |             54 |
|  clock_IBUF_BUFG                                             |                                                                    | task_group/group_task/clock_f/count[0]_i_1__6_n_0                |                7 |             54 |
|  clock_IBUF_BUFG                                             |                                                                    | task_group/group_task/clock_tf/count[0]_i_1__7_n_0               |                7 |             54 |
|  clock_IBUF_BUFG                                             |                                                                    | task_group/nolabel_line127/clk_80kHz/count[0]_i_1__9_n_0         |                7 |             54 |
|  clock_IBUF_BUFG                                             |                                                                    | task_group/clk_20khz/clear                                       |                7 |             54 |
|  clock_IBUF_BUFG                                             |                                                                    | task_group/clk_6p25khz/count[0]_i_1__11_n_0                      |                7 |             54 |
|  clock_IBUF_BUFG                                             |                                                                    | impr_b/clk_20kHz/count[0]_i_1__18_n_0                            |                7 |             54 |
|  clock_IBUF_BUFG                                             |                                                                    | impr_b/clk_0p4s/count[0]_i_1__19_n_0                             |                7 |             54 |
|  clock_IBUF_BUFG                                             |                                                                    | impr_b/clk_25MHz/clear                                           |                7 |             54 |
|  clock_IBUF_BUFG                                             |                                                                    | impr_b/logic/tone/clock_20k/count[0]_i_1__14_n_0                 |                7 |             54 |
|  clock_IBUF_BUFG                                             |                                                                    | impr_b/logic/tone/clock_50M/count[0]_i_1__13_n_0                 |                7 |             54 |
|  clock_IBUF_BUFG                                             |                                                                    | impr_b/logic/tone/clock_tf/count[0]_i_1__15_n_0                  |                7 |             54 |
|  J_MIC_PIN1_state_1_BUFG                                     |                                                                    |                                                                  |               15 |             58 |
|  clk25MHz                                                    | impr_b/logic/flag_count0_carry__2_n_0                              | impr_b/logic/clear                                               |                8 |             60 |
|  J_MIC_PIN1_state_1_BUFG                                     |                                                                    | task_a/count_per_input[31]_i_1__0_n_0                            |                8 |             62 |
|  task_group/clk_20khz/volume_level_reg[3]                    |                                                                    | task_group/count_per_input[31]_i_1_n_0                           |                8 |             62 |
|  clk25MHz                                                    |                                                                    |                                                                  |               19 |             62 |
|  clock_IBUF_BUFG                                             |                                                                    | menu_UI/LED_Clock/count[0]_i_1__0_n_0                            |                8 |             64 |
|  clock_IBUF_BUFG                                             |                                                                    | task_d/LED_Clock/clear                                           |                8 |             64 |
|  paintStart/clock_LED                                        | impr_a/paintStart/pixel_status_reg_0_31_0_0_i_1_n_0                |                                                                  |                4 |             64 |
| ~clock_LED_1                                                 | menu_UI/unit_my_OLED/FSM_onehot_state[31]_i_1_n_0                  |                                                                  |                8 |             64 |
|  paintStart/clock_LED                                        | impr_a/paintStart/pixel_status_reg_0_15_0_0_i_2_n_0                |                                                                  |                4 |             64 |
|  clock_IBUF_BUFG                                             |                                                                    | task_a/unit_0/clear                                              |                8 |             64 |
|  clock_IBUF_BUFG                                             |                                                                    | task_b/individual_task/beep/debounce_count                       |                8 |             64 |
| ~clock_LED_2                                                 | task_d/unit_my_OLED/FSM_onehot_state[31]_i_1__2_n_0                |                                                                  |                8 |             64 |
|  clock_IBUF_BUFG                                             |                                                                    | impr_c/unit_3/count[0]_i_1__2_n_0                                |                8 |             64 |
| ~clock_LED                                                   | impr_d/unit_my_OLED/state                                          |                                                                  |                7 |             64 |
|  clock_IBUF_BUFG                                             |                                                                    | task_group/group_task/beep/debounce_count                        |                8 |             64 |
|  clock_IBUF_BUFG                                             |                                                                    | menu_UI/twentyfive/clear                                         |                8 |             64 |
|  clock_IBUF_BUFG                                             |                                                                    | impr_d/LED_Clock/count[0]_i_1__27_n_0                            |                8 |             64 |
|  clock_IBUF_BUFG                                             |                                                                    | impr_d/onehz/clear                                               |                8 |             64 |
|  paintStart/clock_LED                                        | impr_a/paintStart/pixel_status_reg_0_15_0_0__0_i_1_n_0             |                                                                  |                4 |             64 |
|  clock_IBUF_BUFG                                             |                                                                    | impr_c/unit_2/count[0]_i_1__3_n_0                                |                8 |             64 |
|  clock_IBUF_BUFG                                             | task_b/individual_task/beep/run_flag                               | task_b/individual_task/beep/count                                |                8 |             64 |
|  clock_IBUF_BUFG                                             | task_group/group_task/beep/run_flag                                | task_group/group_task/beep/count                                 |                8 |             64 |
|  paintStart/clock_LED                                        | impr_a/paintStart/pixel_status_reg_0_15_0_0__1_i_1_n_0             |                                                                  |                4 |             64 |
|  clock_IBUF_BUFG                                             |                                                                    | impr_c/unit_4/clear                                              |                8 |             64 |
|  clock_IBUF_BUFG                                             |                                                                    | impr_a/paintStart/LED_Clock/clear                                |                8 |             64 |
|  clock_IBUF_BUFG                                             |                                                                    | impr_group/morse_oled/LED_Clock/clear                            |                8 |             64 |
|  clock_IBUF_BUFG                                             |                                                                    | task_c/LED_Clock/clear__0                                        |                8 |             64 |
|  clock_IBUF_BUFG                                             | impr_b/logic/tone/beep/run_flag                                    | impr_b/logic/tone/beep/count                                     |                8 |             64 |
|  clock_IBUF_BUFG                                             |                                                                    | impr_d/v4/fasthzclock/count[0]_i_1__25_n_0                       |                8 |             64 |
|  clock_IBUF_BUFG                                             |                                                                    | impr_b/logic/tone/beep/debounce_count                            |                8 |             64 |
|  paintStart/clock_LED                                        | impr_a/paintStart/pixel_status_reg_0_15_0_0__2_i_1_n_0             |                                                                  |                4 |             64 |
|  clock_IBUF_BUFG                                             |                                                                    | impr_d/v4/onehzclock/count[0]_i_1__24_n_0                        |                8 |             64 |
| ~clock_LED_3                                                 | task_c/unit_my_OLED/FSM_onehot_state[31]_i_1__6_n_0                |                                                                  |                6 |             64 |
|  clock_IBUF_BUFG                                             |                                                                    | impr_d/v4/slow/clear                                             |                8 |             64 |
|  paintStart/clock_LED                                        | impr_a/paintStart/pixel_status_reg_0_63_0_0_i_1_n_0                |                                                                  |                8 |             64 |
| ~clock_LED_0                                                 | task_group/unit_my_OLED/state                                      |                                                                  |                7 |             64 |
| ~morse_oled/clock_LED                                        | impr_group/morse_oled/unit_my_OLED/state                           | sw_state_reg_n_0_[10][0]                                         |                9 |             64 |
| ~paintStart/clock_LED                                        | impr_a/paintStart/unit_my_OLED/state                               |                                                                  |               10 |             64 |
|  J_MIC_PIN1_state_10_BUFG                                    | impr_group/logic/unit_my_audio_input/sample_count_reg[31]          | impr_group/logic/sample_count[0]_i_1_n_0                         |                8 |             64 |
|  clock_IBUF_BUFG                                             | menu_UI/displaycount_reg[32]                                       | impr_d/displaycount[32]_i_1_n_0                                  |                9 |             66 |
|  paintStart/clock_LED                                        |                                                                    | mouse/fill_toggle_reg                                            |                8 |             66 |
|  clock_50Hz                                                  |                                                                    | sw_state_reg_n_0_[8][0]                                          |               10 |             68 |
|  clock_IBUF_BUFG                                             | menu_UI/sw_state_reg[5][0][0]                                      |                                                                  |               18 |             74 |
|  J_MIC_PIN1_state_10_BUFG                                    |                                                                    |                                                                  |               17 |             74 |
| ~clock_LED_1                                                 |                                                                    | menu_UI/unit_my_OLED/spi_word[39]_i_1_n_0                        |               14 |             90 |
| ~clock_LED_2                                                 |                                                                    | task_d/unit_my_OLED/spi_word[39]_i_1__2_n_0                      |               23 |             90 |
| ~clock_LED_3                                                 |                                                                    | task_c/unit_my_OLED/spi_word[39]_i_1__5_n_0                      |               22 |             90 |
| ~morse_oled/clock_LED                                        |                                                                    | impr_group/morse_oled/unit_my_OLED/spi_word[39]_i_1__1_n_0       |               17 |             90 |
| ~clock_LED_0                                                 |                                                                    | task_group/unit_my_OLED/spi_word[39]_i_1__0_n_0                  |               16 |             90 |
| ~paintStart/clock_LED                                        |                                                                    | impr_a/paintStart/unit_my_OLED/spi_word[39]_i_1__4_n_0           |               16 |             90 |
| ~clock_LED                                                   |                                                                    | impr_d/unit_my_OLED/spi_word[39]_i_1__3_n_0                      |               17 |             90 |
|  impr_d/v4/slow/SLOW_CLOCK                                   |                                                                    |                                                                  |               16 |             92 |
|  paintStart/clock_LED                                        | impr_a/paintStart/pixel_status_reg_128_255_0_0_i_1_n_0             |                                                                  |               16 |            128 |
|  paintStart/clock_LED                                        | impr_a/paintStart/pixel_status_reg_1536_1663_0_0_i_1_n_0           |                                                                  |               16 |            128 |
|  paintStart/clock_LED                                        | impr_a/paintStart/pixel_status_reg_1664_1791_0_0_i_1_n_0           |                                                                  |               16 |            128 |
|  paintStart/clock_LED                                        | impr_a/paintStart/pixel_status_reg_1792_1919_0_0_i_1_n_0           |                                                                  |               16 |            128 |
|  paintStart/clock_LED                                        | impr_a/paintStart/pixel_status_reg_1920_2047_0_0_i_1_n_0           |                                                                  |               16 |            128 |
|  paintStart/clock_LED                                        | impr_a/paintStart/pixel_status_reg_2048_2175_0_0_i_1_n_0           |                                                                  |               16 |            128 |
|  paintStart/clock_LED                                        | impr_a/paintStart/pixel_status_reg_2176_2303_0_0_i_1_n_0           |                                                                  |               16 |            128 |
|  paintStart/clock_LED                                        | impr_a/paintStart/pixel_status_reg_2304_2431_0_0_i_1_n_0           |                                                                  |               16 |            128 |
|  paintStart/clock_LED                                        | impr_a/paintStart/pixel_status_reg_2432_2559_0_0_i_1_n_0           |                                                                  |               16 |            128 |
|  paintStart/clock_LED                                        | impr_a/paintStart/pixel_status_reg_256_383_0_0_i_1_n_0             |                                                                  |               16 |            128 |
|  paintStart/clock_LED                                        | impr_a/paintStart/pixel_status_reg_2560_2687_0_0_i_1_n_0           |                                                                  |               16 |            128 |
|  paintStart/clock_LED                                        | impr_a/paintStart/pixel_status_reg_2816_2943_0_0_i_1_n_0           |                                                                  |               16 |            128 |
|  paintStart/clock_LED                                        | impr_a/paintStart/pixel_status_reg_2688_2815_0_0_i_1_n_0           |                                                                  |               16 |            128 |
|  paintStart/clock_LED                                        | impr_a/paintStart/pixel_status_reg_3072_3199_0_0_i_1_n_0           |                                                                  |               16 |            128 |
|  paintStart/clock_LED                                        | impr_a/paintStart/pixel_status_reg_2944_3071_0_0_i_1_n_0           |                                                                  |               16 |            128 |
|  paintStart/clock_LED                                        | impr_a/paintStart/pixel_status_reg_3328_3455_0_0_i_1_n_0           |                                                                  |               16 |            128 |
|  paintStart/clock_LED                                        | impr_a/paintStart/pixel_status_reg_3200_3327_0_0_i_1_n_0           |                                                                  |               16 |            128 |
|  paintStart/clock_LED                                        | impr_a/paintStart/pixel_status_reg_3584_3711_0_0_i_1_n_0           |                                                                  |               16 |            128 |
|  paintStart/clock_LED                                        | impr_a/paintStart/pixel_status_reg_3456_3583_0_0_i_1_n_0           |                                                                  |               16 |            128 |
|  paintStart/clock_LED                                        | impr_a/paintStart/pixel_status_reg_3712_3839_0_0_i_1_n_0           |                                                                  |               16 |            128 |
|  paintStart/clock_LED                                        | impr_a/paintStart/pixel_status_reg_3840_3967_0_0_i_1_n_0           |                                                                  |               16 |            128 |
|  paintStart/clock_LED                                        | impr_a/paintStart/pixel_status_reg_384_511_0_0_i_1_n_0             |                                                                  |               16 |            128 |
|  paintStart/clock_LED                                        | impr_a/paintStart/pixel_status_reg_4096_4223_0_0_i_1_n_0           |                                                                  |               16 |            128 |
|  paintStart/clock_LED                                        | impr_a/paintStart/pixel_status_reg_640_767_0_0_i_1_n_0             |                                                                  |               16 |            128 |
|  paintStart/clock_LED                                        | impr_a/paintStart/pixel_status_reg_512_639_0_0_i_1_n_0             |                                                                  |               16 |            128 |
|  paintStart/clock_LED                                        | impr_a/paintStart/pixel_status_reg_768_895_0_0_i_1_n_0             |                                                                  |               16 |            128 |
|  paintStart/clock_LED                                        | impr_a/paintStart/pixel_status_reg_896_1023_0_0_i_1_n_0            |                                                                  |               16 |            128 |
|  paintStart/clock_LED                                        | impr_a/paintStart/pixel_status_reg_3968_4095_0_0_i_1_n_0           |                                                                  |               16 |            128 |
|  paintStart/clock_LED                                        | impr_a/paintStart/pixel_status_reg_0_127_0_0_i_1_n_0               |                                                                  |               16 |            128 |
|  paintStart/clock_LED                                        | impr_a/paintStart/pixel_status_reg_1024_1151_0_0_i_1_n_0           |                                                                  |               16 |            128 |
|  paintStart/clock_LED                                        | impr_a/paintStart/pixel_status_reg_1152_1279_0_0_i_1_n_0           |                                                                  |               16 |            128 |
|  paintStart/clock_LED                                        | impr_a/paintStart/pixel_status_reg_1408_1535_0_0_i_1_n_0           |                                                                  |               16 |            128 |
|  paintStart/clock_LED                                        | impr_a/paintStart/pixel_status_reg_1280_1407_0_0_i_1_n_0           |                                                                  |               16 |            128 |
|  clock_IBUF_BUFG                                             |                                                                    |                                                                  |              150 |            530 |
+--------------------------------------------------------------+--------------------------------------------------------------------+------------------------------------------------------------------+------------------+----------------+


